[2025-07-18 17:01:22] === 开始顺序发布帖子性能测试 ===
[2025-07-18 17:01:22] 用户数量: 1000
[2025-07-18 17:01:32] === 顺序POST测试结果 ===
[2025-07-18 17:01:32] 总测试时间: 10130ms
[2025-07-18 17:01:32] 成功请求数: 50
[2025-07-18 17:01:32] 平均响应时间: 202.12ms
[2025-07-18 17:01:32] === 开始顺序获取帖子性能测试 ===
[2025-07-18 17:01:32] 用户数量: 1000
[2025-07-18 17:01:34] === 顺序GET测试结果 ===
[2025-07-18 17:01:34] 总测试时间: 2038ms
[2025-07-18 17:01:34] 成功请求数: 100
[2025-07-18 17:01:34] 平均响应时间: 19.81ms
[2025-07-18 17:01:35] === 开始并发发布帖子性能测试 ===
[2025-07-18 17:01:35] 用户数量: 1000
[2025-07-18 17:01:35] 并发线程数: 50
[2025-07-18 17:03:45] === POST /api/posts 性能测试结果 ===
[2025-07-18 17:03:45] 总测试时间: 130134ms
[2025-07-18 17:03:45] 成功请求数: 994
[2025-07-18 17:03:45] 失败请求数: 6
[2025-07-18 17:03:45] 平均响应时间: 6342.44ms
[2025-07-18 17:03:45] 最小响应时间: 1ms
[2025-07-18 17:03:45] 最大响应时间: 17706ms
[2025-07-18 17:03:45] 总吞吐量: 7.64 请求/秒
[2025-07-18 17:03:45] === 开始并发获取帖子性能测试 ===
[2025-07-18 17:03:45] 用户数量: 1000
[2025-07-18 17:03:45] 并发线程数: 50
[2025-07-18 17:03:47] === GET /api/posts 性能测试结果 ===
[2025-07-18 17:03:47] 总测试时间: 2250ms
[2025-07-18 17:03:47] 成功请求数: 1000
[2025-07-18 17:03:47] 失败请求数: 0
[2025-07-18 17:03:47] 平均响应时间: 107.01ms
[2025-07-18 17:03:47] 最小响应时间: 8ms
[2025-07-18 17:03:47] 最大响应时间: 454ms
[2025-07-18 17:03:47] 总吞吐量: 444.44 请求/秒
[2025-10-08 19:10:30] === 开始顺序发布帖子性能测试 ===
[2025-10-08 19:10:30] 用户数量: 1000
[2025-10-08 19:10:34] === 顺序POST测试结果 ===
[2025-10-08 19:10:34] 总测试时间: 3755ms
[2025-10-08 19:10:34] 成功请求数: 50
[2025-10-08 19:10:34] 平均响应时间: 74.38ms
[2025-10-08 19:10:34] === 开始顺序获取帖子性能测试 ===
[2025-10-08 19:10:34] 用户数量: 1000
[2025-10-08 19:10:36] === 顺序GET测试结果 ===
[2025-10-08 19:10:36] 总测试时间: 2033ms
[2025-10-08 19:10:36] 成功请求数: 100
[2025-10-08 19:10:36] 平均响应时间: 19.76ms
[2025-10-08 19:10:37] === 开始并发发布帖子性能测试 ===
[2025-10-08 19:10:37] 用户数量: 1000
[2025-10-08 19:10:37] 并发线程数: 50
[2025-10-08 19:11:34] === POST /api/posts 性能测试结果 ===
[2025-10-08 19:11:34] 总测试时间: 57268ms
[2025-10-08 19:11:34] 成功请求数: 540
[2025-10-08 19:11:34] 失败请求数: 460
[2025-10-08 19:11:34] 平均响应时间: 3182.34ms
[2025-10-08 19:11:34] 最小响应时间: 1ms
[2025-10-08 19:11:34] 最大响应时间: 6486ms
[2025-10-08 19:11:34] 总吞吐量: 9.43 请求/秒
